
            ans1 = 1
            ans2 = 1
            ans3 = 1
            ans4 = 1
        

            ans1 = 1
            ans2 = 1
            ans3 = 1
            ans4 = 1
        

            ans1 = 1
            ans2 = 1
            ans3 = 1
            ans4 = 1
        

            ans1 = 1
            ans2 = 1
            ans3 = 1
            ans4 = 1
        
