
            ans1 = 1
            ans2 = 0
            ans3 = 0
            ans4 = 1
        

            ans1 = 1
            ans2 = 0
            ans3 = 0
            ans4 = 1
        

            ans1 = 1
            ans2 = 0
            ans3 = 0
            ans4 = 1
        

            ans1 = 1
            ans2 = 0
            ans3 = 0
            ans4 = 1
        
