
// test_map_method_values
nibbleMap_0 = 2
nibbleMap_1 = 2
nibbleMap_2 = 0
nibbleMap_3 = 0
nibbleMap_4 = 2
nibbleMap_7 = 0

intMap_0 = 2
intMap_1 = 2
intMap_2 = 0
intMap_3 = 0
intMap_4 = 2
intMap_7 = 0

boolMap_0 = 0
boolMap_1 = 0
boolMap_2 = 0
boolMap_3 = 0
boolMap_4 = 0
boolMap_7 = 0

enumMap_0 = 0
enumMap_1 = 0
enumMap_2 = 0
enumMap_3 = 0
enumMap_4 = 0
enumMap_7 = 0

stringMap_0 = 2
stringMap_1 = 2
stringMap_2 = 0
stringMap_3 = 0
stringMap_4 = 2
stringMap_7 = 0

structMap_0 = 0
structMap_1 = 0
structMap_2 = 0
structMap_3 = 0
structMap_4 = 0
structMap_7 = 0

