out = even
out = odd
out = even
out = odd
out = even
out = doh
out = doh
out = small
out = small
out = small
out = small
out = small
out = large
out = large
out = EVEN
out = ODD
out = EVEN
out = ODD
out = EVEN
out = DOH
out = DOH
out = SMALL
out = SMALL
out = SMALL
out = SMALL
out = SMALL
out = LARGE
out = LARGE
