
            # testInt
            default_int_0    = 0
            default_int_1    = 0
            default_int_2    = 0
            default_int_3    = 0
            default_int_4    = 0
            default_int_5    = 0
            default_byte_0   = 0
            default_byte_1   = 0
            default_byte_2   = 0
            default_byte_3   = 0
            default_byte_4   = 0
            default_byte_5   = 0
            default_long_0   = 0
            default_long_1   = 0
            default_long_2   = 0
            default_long_3   = 0
            default_long_4   = 0
            default_long_5   = 0
            default_vector_0 = 0
            default_vector_1 = 0
            default_vector_2 = 0
            default_vector_3 = 0
            default_vector_4 = 0
            default_vector_5 = 0
            check_int_0      = 1
            check_int_1      = 1
            check_int_2      = 1
            check_int_3      = 1
            check_int_4      = 1
            check_int_5      = 1
            check_byte_0     = 1
            check_byte_1     = 1
            check_byte_2     = 1
            check_byte_3     = 1
            check_byte_4     = 1
            check_byte_5     = 1
            check_long_0     = 1
            check_long_1     = 1
            check_long_2     = 1
            check_long_3     = 1
            check_long_4     = 1
            check_long_5     = 1
            check_vector_0   = 1
            check_vector_1   = 1
            check_vector_2   = 1
            check_vector_3   = 1
            check_vector_4   = 1
            check_vector_5   = 1
        
